
> stella-polymarket-backend@0.1.0 test
> jest src/routes/tests/notifications.test.js

npm : 'jest' is not recognized as an internal or external command,
At line:1 char:1
+ npm test src/routes/tests/notifications.test.js > test_output.txt 2>& ...
+ ~~~~~~~~~~~~~~~~~~~~~~~~~~~~~~~~~~~~~~~~~~~~~~~~~~~~~~~~~~~~~~~~~~~~~
    + CategoryInfo          : NotSpecified: ('jest' is not r...ternal command,:Str 
   ing) [], RemoteException
    + FullyQualifiedErrorId : NativeCommandError
 
operable program or batch file.
npm ERR! Lifecycle script `test` failed with error: 
npm ERR! Error: command failed 
npm ERR!   in workspace: stella-polymarket-backend@0.1.0 
npm ERR!   at location: 
C:\Users\BlankDev\Desktop\Backup\Desktop\drips\Stellar-PolyMarket\backend 
